fromList
    [
        ( "Clock Summary"
        , []
        )
    ,
        ( "Design Timing Summary"
        ,
            [ fromList
                [
                    ( "THS Failing Endpoints"
                    , [ "394" ]
                    )
                ,
                    ( "THS Total Endpoints"
                    , [ "864" ]
                    )
                ,
                    ( "THS(ns)"
                    , [ "-15.730" ]
                    )
                ,
                    ( "TNS Failing Endpoints"
                    , [ "0" ]
                    )
                ,
                    ( "TNS Total Endpoints"
                    , [ "864" ]
                    )
                ,
                    ( "TNS(ns)"
                    , [ "0.000" ]
                    )
                ,
                    ( "TPWS Failing Endpoints"
                    , [ "0" ]
                    )
                ,
                    ( "TPWS Total Endpoints"
                    , [ "365" ]
                    )
                ,
                    ( "TPWS(ns)"
                    , [ "0.000" ]
                    )
                ,
                    ( "WHS(ns)"
                    , [ "-0.123" ]
                    )
                ,
                    ( "WNS(ns)"
                    , [ "2.273" ]
                    )
                ,
                    ( "WPWS(ns)"
                    , [ "1.520" ]
                    )
                ]
            ]
        )
    ,
        ( "Inter Clock Table"
        , []
        )
    ,
        ( "Intra Clock Table"
        ,
            [ fromList
                [
                    ( "Clock"
                    , [ "clk" ]
                    )
                ,
                    ( "THS Failing Endpoints"
                    , [ "394" ]
                    )
                ,
                    ( "THS Total Endpoints"
                    , [ "864" ]
                    )
                ,
                    ( "THS(ns)"
                    , [ "-15.730" ]
                    )
                ,
                    ( "TNS Failing Endpoints"
                    , [ "0" ]
                    )
                ,
                    ( "TNS Total Endpoints"
                    , [ "864" ]
                    )
                ,
                    ( "TNS(ns)"
                    , [ "0.000" ]
                    )
                ,
                    ( "TPWS Failing Endpoints"
                    , [ "0" ]
                    )
                ,
                    ( "TPWS Total Endpoints"
                    , [ "365" ]
                    )
                ,
                    ( "TPWS(ns)"
                    , [ "0.000" ]
                    )
                ,
                    ( "WHS(ns)"
                    , [ "-0.123" ]
                    )
                ,
                    ( "WNS(ns)"
                    , [ "2.273" ]
                    )
                ,
                    ( "WPWS(ns)"
                    , [ "1.520" ]
                    )
                ]
            ]
        )
    ,
        ( "Other Path Groups Table"
        , []
        )
    ,
        ( "Report Methodology"
        , []
        )
    ,
        ( "Timer Settings"
        ,
            [ fromList
                [
                    ( "Max Paths"
                    ,
                        [ "Yes"
                        , "Yes"
                        ]
                    )
                ,
                    ( "Min Paths"
                    ,
                        [ "Yes"
                        , "Yes"
                        ]
                    )
                ,
                    ( "Name"
                    ,
                        [ "Slow"
                        , "Fast"
                        ]
                    )
                ]
            ]
        )
    ,
        ( "Timing Details"
        , []
        )
    ]